// Vitest Snapshot v1

exports[`<Sidebar /> > render sidebar 1`] = `
<div>
  <div
    class="css-1hn0ibo"
  >
    <div
      class="css-1j9jo68"
      data-testid="BTCUSD"
      id="BTCUSD"
    >
      BTCUSD
      , 
      Price: USD undefined
    </div>
    <div
      class="css-bhtpg9"
      data-testid="ETHUSD"
      id="ETHUSD"
    >
      ETHUSD
      , 
      Price: USD undefined
    </div>
    <div
      class="css-bhtpg9"
      data-testid="SOLUSD"
      id="SOLUSD"
    >
      SOLUSD
      , 
      Price: USD undefined
    </div>
    <div
      class="css-bhtpg9"
      data-testid="DOGEUSD"
      id="DOGEUSD"
    >
      DOGEUSD
      , 
      Price: USD undefined
    </div>
    <div
      class="css-bhtpg9"
      data-testid="AVAXUSD"
      id="AVAXUSD"
    >
      AVAXUSD
      , 
      Price: USD undefined
    </div>
    <div
      class="css-bhtpg9"
      data-testid="SANDUSD"
      id="SANDUSD"
    >
      SANDUSD
      , 
      Price: USD undefined
    </div>
  </div>
</div>
`;
